[danslacuisinededede.com/dff/about.html]
[backblue.gif]
[fade.gif]
[index.html]
[danslacuisinededede.com/dff/css/bootstrap.css]
[danslacuisinededede.com/dff/plugins/revolution/css/settings.css]
[danslacuisinededede.com/dff/plugins/revolution/css/layers.css]
[danslacuisinededede.com/dff/plugins/revolution/css/navigation.css]
[danslacuisinededede.com/dff/css/style.css]
[danslacuisinededede.com/dff/css/responsive.css]
[danslacuisinededede.com/dff/images/fav-icon.ico]
[danslacuisinededede.com/dff/images/icons/flag.jpg]
[danslacuisinededede.com/dff/index.html]
[danslacuisinededede.com/dff/images/logo.png]
[danslacuisinededede.com/dff/index-2.html]
[danslacuisinededede.com/dff/services.html]
[danslacuisinededede.com/dff/projects.html]
[danslacuisinededede.com/dff/project-2.html]
[danslacuisinededede.com/dff/project-3.html]
[danslacuisinededede.com/dff/project-4.html]
[danslacuisinededede.com/dff/project-5.html]
[danslacuisinededede.com/dff/project-single.html]
[danslacuisinededede.com/dff/blog.html]
[danslacuisinededede.com/dff/blog-sidebar.html]
[danslacuisinededede.com/dff/blog-single.html]
[danslacuisinededede.com/dff/images/logo-small.png]
[danslacuisinededede.com/dff/contact.html]
[danslacuisinededede.com/dff/project-1.html]
[danslacuisinededede.com/dff/images/resource/about-3.jpg]
[danslacuisinededede.com/dff/images/background/5.jpg]
[danslacuisinededede.com/dff/services-single.html]
[danslacuisinededede.com/dff/images/resource/team-1.jpg]
[danslacuisinededede.com/dff/images/resource/team-2.jpg]
[danslacuisinededede.com/dff/images/resource/team-3.jpg]
[danslacuisinededede.com/dff/images/background/1.jpg]
[danslacuisinededede.com/dff/images/footer-logo.png]
[danslacuisinededede.com/dff/js/jquery.js]
[danslacuisinededede.com/dff/js/bootstrap.min.js]
[danslacuisinededede.com/dff/js/jquery.fancybox.pack.js]
[danslacuisinededede.com/dff/js/jquery.fancybox-media.js]
[danslacuisinededede.com/dff/js/owl.js]
[danslacuisinededede.com/dff/js/appear.js]
[danslacuisinededede.com/dff/js/wow.js]
[danslacuisinededede.com/dff/about.html]
[danslacuisinededede.com/dff/js/script.js]
[danslacuisinededede.com/dff/fonts/glyphicons-halflings-regular.eot]
[danslacuisinededede.com/dff/js/jquery-ui.js]
[danslacuisinededede.com/dff/fonts/glyphicons-halflings-regulard41dd41d.eot]
[danslacuisinededede.com/dff/fonts/glyphicons-halflings-regular.woff2]
[danslacuisinededede.com/dff/fonts/glyphicons-halflings-regular.woff]
[danslacuisinededede.com/dff/fonts/glyphicons-halflings-regular.ttf]
[danslacuisinededede.com/dff/css/bootstrap.css]
[danslacuisinededede.com/dff/fonts/glyphicons-halflings-regular.svg]
[danslacuisinededede.com/dff/plugins/revolution/fonts/revicons/revicons90c690c6.eot]
[danslacuisinededede.com/dff/plugins/revolution/fonts/revicons/revicons90c690c6.woff]
[danslacuisinededede.com/dff/plugins/revolution/fonts/revicons/revicons90c690c6.ttf]
[danslacuisinededede.com/dff/plugins/revolution/fonts/revicons/revicons90c690c6.svg]
[danslacuisinededede.com/dff/plugins/revolution/css/openhand.cur]
[danslacuisinededede.com/dff/plugins/revolution/css/closedhand.cur]
[danslacuisinededede.com/dff/plugins/revolution/assets/gridtile.png]
[danslacuisinededede.com/dff/plugins/revolution/assets/gridtile_white.png]
[danslacuisinededede.com/dff/plugins/revolution/assets/gridtile_3x3.png]
[danslacuisinededede.com/dff/plugins/revolution/assets/gridtile_3x3_white.png]
[danslacuisinededede.com/dff/plugins/revolution/assets/coloredbg.png]
[danslacuisinededede.com/dff/plugins/revolution/assets/loader.gif]
[danslacuisinededede.com/dff/plugins/revolution/css/settings.css]
[danslacuisinededede.com/dff/plugins/revolution/css/layers.css]
[danslacuisinededede.com/dff/plugins/revolution/css/navigation.css]
[danslacuisinededede.com/dff/css/font-awesome.css]
[danslacuisinededede.com/dff/css/flaticon.css]
[danslacuisinededede.com/dff/css/animate.css]
[danslacuisinededede.com/dff/css/owl.css]
[danslacuisinededede.com/dff/css/jquery.fancybox.css]
[danslacuisinededede.com/dff/css/hover.css]
[danslacuisinededede.com/dff/css/jquery-ui.css]
[danslacuisinededede.com/dff/css/jquery.bootstrap-touchspin.css]
[danslacuisinededede.com/dff/images/icons/preloader.svg]
[danslacuisinededede.com/dff/images/icons/seperater.png]
[danslacuisinededede.com/dff/images/icons/seperater-2.png]
[danslacuisinededede.com/dff/images/icons/icon-cross.png]
[danslacuisinededede.com/dff/images/icons/icon-select-two.png]
[danslacuisinededede.com/dff/images/background/2.jpg]
[danslacuisinededede.com/dff/images/icons/quote-icon.png]
[danslacuisinededede.com/dff/images/resource/page-title-bg.jpg]
[danslacuisinededede.com/dff/images/icons/icon-select.png]
[danslacuisinededede.com/dff/css/style.css]
[danslacuisinededede.com/dff/css/responsive.css]
[danslacuisinededede.com/dff/images/main-slider/image-10.jpg]
[danslacuisinededede.com/dff/images/main-slider/image-11.jpg]
[danslacuisinededede.com/dff/images/main-slider/image-12.jpg]
[danslacuisinededede.com/dff/images/resource/service-1.jpg]
[danslacuisinededede.com/dff/images/resource/service-2.jpg]
[danslacuisinededede.com/dff/images/resource/service-3.jpg]
[danslacuisinededede.com/dff/images/resource/service-4.jpg]
[danslacuisinededede.com/dff/images/resource/service-5.jpg]
[danslacuisinededede.com/dff/images/resource/service-6.jpg]
[danslacuisinededede.com/dff/images/resource/service-7.jpg]
[danslacuisinededede.com/dff/images/resource/service-8.jpg]
[danslacuisinededede.com/dff/images/resource/service-9.jpg]
[danslacuisinededede.com/dff/images/resource/service-10.jpg]
[danslacuisinededede.com/dff/images/resource/service-11.jpg]
[danslacuisinededede.com/dff/images/resource/service-12.jpg]
[danslacuisinededede.com/dff/images/gallery/5.jpg]
[danslacuisinededede.com/dff/images/gallery/6.jpg]
[danslacuisinededede.com/dff/images/gallery/7.jpg]
[danslacuisinededede.com/dff/images/gallery/8.jpg]
[danslacuisinededede.com/dff/images/gallery/9.jpg]
[danslacuisinededede.com/dff/images/gallery/10.jpg]
[danslacuisinededede.com/dff/images/gallery/11.jpg]
[danslacuisinededede.com/dff/images/gallery/12.jpg]
[danslacuisinededede.com/dff/images/gallery/13.jpg]
[danslacuisinededede.com/dff/images/resource/author-8.jpg]
[danslacuisinededede.com/dff/images/resource/author-3.jpg]
[danslacuisinededede.com/dff/images/resource/author-4.jpg]
[danslacuisinededede.com/dff/images/resource/author-2.jpg]
[danslacuisinededede.com/dff/images/resource/about-1.jpg]
[danslacuisinededede.com/dff/images/resource/about-2.jpg]
[danslacuisinededede.com/dff/images/resource/news-1.jpg]
[danslacuisinededede.com/dff/images/resource/news-2.jpg]
[danslacuisinededede.com/dff/images/resource/news-thumb-1.jpg]
[danslacuisinededede.com/dff/images/resource/news-thumb-2.jpg]
[danslacuisinededede.com/dff/images/resource/news-thumb-3.jpg]
[danslacuisinededede.com/dff/images/clients/6.png]
[danslacuisinededede.com/dff/images/clients/7.png]
[danslacuisinededede.com/dff/images/clients/8.png]
[danslacuisinededede.com/dff/images/clients/9.png]
[danslacuisinededede.com/dff/images/clients/10.png]
[danslacuisinededede.com/dff/plugins/revolution/js/jquery.themepunch.revolution.min.js]
[danslacuisinededede.com/dff/plugins/revolution/js/jquery.themepunch.tools.min.js]
[danslacuisinededede.com/dff/plugins/revolution/js/extensions/revolution.extension.actions.min.js]
[danslacuisinededede.com/dff/plugins/revolution/js/extensions/revolution.extension.carousel.min.js]
[danslacuisinededede.com/dff/plugins/revolution/js/extensions/revolution.extension.kenburn.min.js]
[danslacuisinededede.com/dff/plugins/revolution/js/extensions/revolution.extension.layeranimation.min.js]
[danslacuisinededede.com/dff/plugins/revolution/js/extensions/revolution.extension.migration.min.js]
[danslacuisinededede.com/dff/plugins/revolution/js/extensions/revolution.extension.navigation.min.js]
[danslacuisinededede.com/dff/plugins/revolution/js/extensions/revolution.extension.parallax.min.js]
[danslacuisinededede.com/dff/plugins/revolution/js/extensions/revolution.extension.slideanims.min.js]
[danslacuisinededede.com/dff/plugins/revolution/js/extensions/revolution.extension.video.min.js]
[danslacuisinededede.com/dff/js/main-slider-script.js]
[danslacuisinededede.com/dff/index.html]
[danslacuisinededede.com/dff/js/mixitup.js]
[danslacuisinededede.com/dff/images/main-slider/image-1.jpg]
[danslacuisinededede.com/dff/images/main-slider/image-2.jpg]
[danslacuisinededede.com/dff/images/resource/author-1.jpg]
[danslacuisinededede.com/dff/images/clients/1.png]
[danslacuisinededede.com/dff/images/clients/2.png]
[danslacuisinededede.com/dff/images/clients/3.png]
[danslacuisinededede.com/dff/images/clients/4.png]
[danslacuisinededede.com/dff/images/resource/news-3.jpg]
[danslacuisinededede.com/dff/index-2.html]
[danslacuisinededede.com/dff/services.html]
[danslacuisinededede.com/dff/projects.html]
[danslacuisinededede.com/dff/project-2.html]
[danslacuisinededede.com/dff/project-3.html]
[danslacuisinededede.com/dff/project-4.html]
[danslacuisinededede.com/dff/project-5.html]
[danslacuisinededede.com/dff/project-single.html]
[danslacuisinededede.com/dff/images/resource/news-6.jpg]
[danslacuisinededede.com/dff/images/resource/news-7.jpg]
[danslacuisinededede.com/dff/images/resource/news-8.jpg]
[danslacuisinededede.com/dff/images/resource/news-9.jpg]
[danslacuisinededede.com/dff/images/resource/news-10.jpg]
[danslacuisinededede.com/dff/images/resource/news-11.jpg]
[danslacuisinededede.com/dff/blog.html]
[danslacuisinededede.com/dff/blog-sidebar.html]
[danslacuisinededede.com/dff/blog-single.html]
[danslacuisinededede.com/dff/contact.html]
[danslacuisinededede.com/dff/project-1.html]
[danslacuisinededede.com/dff/services-single.html]
[danslacuisinededede.com/dff/fonts/glyphicons-halflings-regular.svg]
[danslacuisinededede.com/dff/plugins/revolution/fonts/revicons/revicons90c690c6.svg]
[danslacuisinededede.com/dff/css/font-awesome.css]
[danslacuisinededede.com/dff/css/flaticon.css]
[danslacuisinededede.com/dff/css/animate.css]
[danslacuisinededede.com/dff/css/owl.css]
[danslacuisinededede.com/dff/css/jquery.fancybox.css]
[danslacuisinededede.com/dff/css/hover.css]
[danslacuisinededede.com/dff/css/jquery-ui.css]
[danslacuisinededede.com/dff/css/jquery.bootstrap-touchspin.css]
[danslacuisinededede.com/dff/images/icons/preloader.svg]
[danslacuisinededede.com/dff/fonts/fontawesome-webfont914c914c.woff]
[danslacuisinededede.com/dff/fonts/fontawesome-webfont914c914c.woff2]
[danslacuisinededede.com/dff/fonts/fontawesome-webfont914c914c.svg]
[danslacuisinededede.com/dff/fonts/fontawesome-webfont914c914c.ttf]
[danslacuisinededede.com/dff/fonts/Flaticon.eot]
[danslacuisinededede.com/dff/fonts/Flaticond41dd41d.eot]
[danslacuisinededede.com/dff/fonts/Flaticon.woff]
[danslacuisinededede.com/dff/images/fancybox/fancybox_sprite.png]
[danslacuisinededede.com/dff/fonts/Flaticon.ttf]
[danslacuisinededede.com/dff/images/fancybox/fancybox_loading.gif]
[danslacuisinededede.com/dff/images/fancybox/fancybox_overlay.png]
[danslacuisinededede.com/dff/images/fancybox/fancybox_sprite@2x.png]
[danslacuisinededede.com/dff/fonts/Flaticon.svg]
[danslacuisinededede.com/dff/images/fancybox/fancybox_loading@2x.gif]
[danslacuisinededede.com/dff/css/owl.video.play.html]
[danslacuisinededede.com/dff/css/images/ui-icons_444444_256x240.html]
[danslacuisinededede.com/dff/css/images/ui-icons_777620_256x240.html]
[danslacuisinededede.com/dff/images/resource/news-9.jpg]
[danslacuisinededede.com/dff/images/resource/news-10.jpg]
[danslacuisinededede.com/dff/images/fancybox/blank.gif]
[danslacuisinededede.com/dff/images/resource/news-11.jpg]
[danslacuisinededede.com/dff/images/resource/news-12.jpg]
[danslacuisinededede.com/dff/images/resource/news-13.jpg]
[danslacuisinededede.com/dff/images/resource/news-14.jpg]
[danslacuisinededede.com/dff/images/resource/news-15.jpg]
[danslacuisinededede.com/dff/images/resource/news-16.jpg]
[danslacuisinededede.com/dff/images/resource/news-17.jpg]
[danslacuisinededede.com/dff/images/resource/news-18.jpg]
[danslacuisinededede.com/dff/css/images/ui-icons_cc0000_256x240.html]
[danslacuisinededede.com/dff/images/resource/post-thumb-2.jpg]
[danslacuisinededede.com/dff/images/resource/post-thumb-1.jpg]
[danslacuisinededede.com/dff/images/resource/post-thumb-3.jpg]
[danslacuisinededede.com/dff/images/resource/author-9.jpg]
[danslacuisinededede.com/dff/images/resource/author-10.jpg]
[danslacuisinededede.com/dff/js/validate.js]
[danslacuisinededede.com/dff/css/images/ui-icons_777777_256x240.html]
[danslacuisinededede.com/dff/fonts/fontawesome-webfont914c914c.eot]
[danslacuisinededede.com/dff/fonts/fontawesome-webfont914c914c.svg]
[danslacuisinededede.com/dff/fonts/Flaticon.svg]
[danslacuisinededede.com/dff/css/owl.video.play.html]
[danslacuisinededede.com/dff/css/images/ui-icons_444444_256x240.html]
[danslacuisinededede.com/dff/css/images/ui-icons_777620_256x240.html]
[danslacuisinededede.com/dff/css/images/ui-icons_cc0000_256x240.html]
[danslacuisinededede.com/dff/css/images/ui-icons_777777_256x240.html]
[danslacuisinededede.com/dff/fonts/fontawesome-webfontd41dd41d.eot]
[danslacuisinededede.com/connect.facebook.net/en_US/sdk.js]
[danslacuisinededede.com/dff/js/contact.js]
